[
  [
    "plugin.css",
    "@theme {
  --i-100-icons-icon-0: url(The quick brown fox jumps over the lazy dog);
  --i-100-icons-icon-1: url(The quick brown fox jumps over the lazy dog);
  --i-100-icons-icon-2: url(The quick brown fox jumps over the lazy dog);
  --i-100-icons-icon-3: url(The quick brown fox jumps over the lazy dog);
  --i-100-icons-icon-4: url(The quick brown fox jumps over the lazy dog);
  --i-100-icons-icon-5: url(The quick brown fox jumps over the lazy dog);
  --i-100-icons-icon-6: url(The quick brown fox jumps over the lazy dog);
  --i-100-icons-icon-7: url(The quick brown fox jumps over the lazy dog);
  --i-100-icons-icon-8: url(The quick brown fox jumps over the lazy dog);
  --i-100-icons-icon-9: url(The quick brown fox jumps over the lazy dog);
  --i-100-icons-icon-10: url(The quick brown fox jumps over the lazy dog);
  --i-100-icons-icon-11: url(The quick brown fox jumps over the lazy dog);
  --i-100-icons-icon-12: url(The quick brown fox jumps over the lazy dog);
  --i-100-icons-icon-13: url(The quick brown fox jumps over the lazy dog);
  --i-100-icons-icon-14: url(The quick brown fox jumps over the lazy dog);
  --i-100-icons-icon-15: url(The quick brown fox jumps over the lazy dog);
  --i-100-icons-icon-16: url(The quick brown fox jumps over the lazy dog);
  --i-100-icons-icon-17: url(The quick brown fox jumps over the lazy dog);
  --i-100-icons-icon-18: url(The quick brown fox jumps over the lazy dog);
  --i-100-icons-icon-19: url(The quick brown fox jumps over the lazy dog);
  --i-100-icons-icon-20: url(The quick brown fox jumps over the lazy dog);
  --i-100-icons-icon-21: url(The quick brown fox jumps over the lazy dog);
  --i-100-icons-icon-22: url(The quick brown fox jumps over the lazy dog);
  --i-100-icons-icon-23: url(The quick brown fox jumps over the lazy dog);
  --i-100-icons-icon-24: url(The quick brown fox jumps over the lazy dog);
  --i-100-icons-icon-25: url(The quick brown fox jumps over the lazy dog);
  --i-100-icons-icon-26: url(The quick brown fox jumps over the lazy dog);
  --i-100-icons-icon-27: url(The quick brown fox jumps over the lazy dog);
  --i-100-icons-icon-28: url(The quick brown fox jumps over the lazy dog);
  --i-100-icons-icon-29: url(The quick brown fox jumps over the lazy dog);
  --i-100-icons-icon-30: url(The quick brown fox jumps over the lazy dog);
  --i-100-icons-icon-31: url(The quick brown fox jumps over the lazy dog);
  --i-100-icons-icon-32: url(The quick brown fox jumps over the lazy dog);
  --i-100-icons-icon-33: url(The quick brown fox jumps over the lazy dog);
  --i-100-icons-icon-34: url(The quick brown fox jumps over the lazy dog);
  --i-100-icons-icon-35: url(The quick brown fox jumps over the lazy dog);
  --i-100-icons-icon-36: url(The quick brown fox jumps over the lazy dog);
  --i-100-icons-icon-37: url(The quick brown fox jumps over the lazy dog);
  --i-100-icons-icon-38: url(The quick brown fox jumps over the lazy dog);
  --i-100-icons-icon-39: url(The quick brown fox jumps over the lazy dog);
  --i-100-icons-icon-40: url(The quick brown fox jumps over the lazy dog);
  --i-100-icons-icon-41: url(The quick brown fox jumps over the lazy dog);
  --i-100-icons-icon-42: url(The quick brown fox jumps over the lazy dog);
  --i-100-icons-icon-43: url(The quick brown fox jumps over the lazy dog);
  --i-100-icons-icon-44: url(The quick brown fox jumps over the lazy dog);
  --i-100-icons-icon-45: url(The quick brown fox jumps over the lazy dog);
  --i-100-icons-icon-46: url(The quick brown fox jumps over the lazy dog);
  --i-100-icons-icon-47: url(The quick brown fox jumps over the lazy dog);
  --i-100-icons-icon-48: url(The quick brown fox jumps over the lazy dog);
  --i-100-icons-icon-49: url(The quick brown fox jumps over the lazy dog);
  --i-100-icons-icon-50: url(The quick brown fox jumps over the lazy dog);
  --i-100-icons-icon-51: url(The quick brown fox jumps over the lazy dog);
  --i-100-icons-icon-52: url(The quick brown fox jumps over the lazy dog);
  --i-100-icons-icon-53: url(The quick brown fox jumps over the lazy dog);
  --i-100-icons-icon-54: url(The quick brown fox jumps over the lazy dog);
  --i-100-icons-icon-55: url(The quick brown fox jumps over the lazy dog);
  --i-100-icons-icon-56: url(The quick brown fox jumps over the lazy dog);
  --i-100-icons-icon-57: url(The quick brown fox jumps over the lazy dog);
  --i-100-icons-icon-58: url(The quick brown fox jumps over the lazy dog);
  --i-100-icons-icon-59: url(The quick brown fox jumps over the lazy dog);
  --i-100-icons-icon-60: url(The quick brown fox jumps over the lazy dog);
  --i-100-icons-icon-61: url(The quick brown fox jumps over the lazy dog);
  --i-100-icons-icon-62: url(The quick brown fox jumps over the lazy dog);
  --i-100-icons-icon-63: url(The quick brown fox jumps over the lazy dog);
  --i-100-icons-icon-64: url(The quick brown fox jumps over the lazy dog);
  --i-100-icons-icon-65: url(The quick brown fox jumps over the lazy dog);
  --i-100-icons-icon-66: url(The quick brown fox jumps over the lazy dog);
  --i-100-icons-icon-67: url(The quick brown fox jumps over the lazy dog);
  --i-100-icons-icon-68: url(The quick brown fox jumps over the lazy dog);
  --i-100-icons-icon-69: url(The quick brown fox jumps over the lazy dog);
  --i-100-icons-icon-70: url(The quick brown fox jumps over the lazy dog);
  --i-100-icons-icon-71: url(The quick brown fox jumps over the lazy dog);
  --i-100-icons-icon-72: url(The quick brown fox jumps over the lazy dog);
  --i-100-icons-icon-73: url(The quick brown fox jumps over the lazy dog);
  --i-100-icons-icon-74: url(The quick brown fox jumps over the lazy dog);
  --i-100-icons-icon-75: url(The quick brown fox jumps over the lazy dog);
  --i-100-icons-icon-76: url(The quick brown fox jumps over the lazy dog);
  --i-100-icons-icon-77: url(The quick brown fox jumps over the lazy dog);
  --i-100-icons-icon-78: url(The quick brown fox jumps over the lazy dog);
  --i-100-icons-icon-79: url(The quick brown fox jumps over the lazy dog);
  --i-100-icons-icon-80: url(The quick brown fox jumps over the lazy dog);
  --i-100-icons-icon-81: url(The quick brown fox jumps over the lazy dog);
  --i-100-icons-icon-82: url(The quick brown fox jumps over the lazy dog);
  --i-100-icons-icon-83: url(The quick brown fox jumps over the lazy dog);
  --i-100-icons-icon-84: url(The quick brown fox jumps over the lazy dog);
  --i-100-icons-icon-85: url(The quick brown fox jumps over the lazy dog);
  --i-100-icons-icon-86: url(The quick brown fox jumps over the lazy dog);
  --i-100-icons-icon-87: url(The quick brown fox jumps over the lazy dog);
  --i-100-icons-icon-88: url(The quick brown fox jumps over the lazy dog);
  --i-100-icons-icon-89: url(The quick brown fox jumps over the lazy dog);
  --i-100-icons-icon-90: url(The quick brown fox jumps over the lazy dog);
  --i-100-icons-icon-91: url(The quick brown fox jumps over the lazy dog);
  --i-100-icons-icon-92: url(The quick brown fox jumps over the lazy dog);
  --i-100-icons-icon-93: url(The quick brown fox jumps over the lazy dog);
  --i-100-icons-icon-94: url(The quick brown fox jumps over the lazy dog);
  --i-100-icons-icon-95: url(The quick brown fox jumps over the lazy dog);
  --i-100-icons-icon-96: url(The quick brown fox jumps over the lazy dog);
  --i-100-icons-icon-97: url(The quick brown fox jumps over the lazy dog);
  --i-100-icons-icon-98: url(The quick brown fox jumps over the lazy dog);
  --i-100-icons-icon-99: url(The quick brown fox jumps over the lazy dog);
}

@theme inline reference {
  --i-100-icons-icon-0--aspect: 1;
  --i-100-icons-icon-1--aspect: 1;
  --i-100-icons-icon-2--aspect: 1;
  --i-100-icons-icon-3--aspect: 1;
  --i-100-icons-icon-4--aspect: 1;
  --i-100-icons-icon-5--aspect: 1;
  --i-100-icons-icon-6--aspect: 1;
  --i-100-icons-icon-7--aspect: 1;
  --i-100-icons-icon-8--aspect: 1;
  --i-100-icons-icon-9--aspect: 1;
  --i-100-icons-icon-10--aspect: 1;
  --i-100-icons-icon-11--aspect: 1;
  --i-100-icons-icon-12--aspect: 1;
  --i-100-icons-icon-13--aspect: 1;
  --i-100-icons-icon-14--aspect: 1;
  --i-100-icons-icon-15--aspect: 1;
  --i-100-icons-icon-16--aspect: 1;
  --i-100-icons-icon-17--aspect: 1;
  --i-100-icons-icon-18--aspect: 1;
  --i-100-icons-icon-19--aspect: 1;
  --i-100-icons-icon-20--aspect: 1;
  --i-100-icons-icon-21--aspect: 1;
  --i-100-icons-icon-22--aspect: 1;
  --i-100-icons-icon-23--aspect: 1;
  --i-100-icons-icon-24--aspect: 1;
  --i-100-icons-icon-25--aspect: 1;
  --i-100-icons-icon-26--aspect: 1;
  --i-100-icons-icon-27--aspect: 1;
  --i-100-icons-icon-28--aspect: 1;
  --i-100-icons-icon-29--aspect: 1;
  --i-100-icons-icon-30--aspect: 1;
  --i-100-icons-icon-31--aspect: 1;
  --i-100-icons-icon-32--aspect: 1;
  --i-100-icons-icon-33--aspect: 1;
  --i-100-icons-icon-34--aspect: 1;
  --i-100-icons-icon-35--aspect: 1;
  --i-100-icons-icon-36--aspect: 1;
  --i-100-icons-icon-37--aspect: 1;
  --i-100-icons-icon-38--aspect: 1;
  --i-100-icons-icon-39--aspect: 1;
  --i-100-icons-icon-40--aspect: 1;
  --i-100-icons-icon-41--aspect: 1;
  --i-100-icons-icon-42--aspect: 1;
  --i-100-icons-icon-43--aspect: 1;
  --i-100-icons-icon-44--aspect: 1;
  --i-100-icons-icon-45--aspect: 1;
  --i-100-icons-icon-46--aspect: 1;
  --i-100-icons-icon-47--aspect: 1;
  --i-100-icons-icon-48--aspect: 1;
  --i-100-icons-icon-49--aspect: 1;
  --i-100-icons-icon-50--aspect: 1;
  --i-100-icons-icon-51--aspect: 1;
  --i-100-icons-icon-52--aspect: 1;
  --i-100-icons-icon-53--aspect: 1;
  --i-100-icons-icon-54--aspect: 1;
  --i-100-icons-icon-55--aspect: 1;
  --i-100-icons-icon-56--aspect: 1;
  --i-100-icons-icon-57--aspect: 1;
  --i-100-icons-icon-58--aspect: 1;
  --i-100-icons-icon-59--aspect: 1;
  --i-100-icons-icon-60--aspect: 1;
  --i-100-icons-icon-61--aspect: 1;
  --i-100-icons-icon-62--aspect: 1;
  --i-100-icons-icon-63--aspect: 1;
  --i-100-icons-icon-64--aspect: 1;
  --i-100-icons-icon-65--aspect: 1;
  --i-100-icons-icon-66--aspect: 1;
  --i-100-icons-icon-67--aspect: 1;
  --i-100-icons-icon-68--aspect: 1;
  --i-100-icons-icon-69--aspect: 1;
  --i-100-icons-icon-70--aspect: 1;
  --i-100-icons-icon-71--aspect: 1;
  --i-100-icons-icon-72--aspect: 1;
  --i-100-icons-icon-73--aspect: 1;
  --i-100-icons-icon-74--aspect: 1;
  --i-100-icons-icon-75--aspect: 1;
  --i-100-icons-icon-76--aspect: 1;
  --i-100-icons-icon-77--aspect: 1;
  --i-100-icons-icon-78--aspect: 1;
  --i-100-icons-icon-79--aspect: 1;
  --i-100-icons-icon-80--aspect: 1;
  --i-100-icons-icon-81--aspect: 1;
  --i-100-icons-icon-82--aspect: 1;
  --i-100-icons-icon-83--aspect: 1;
  --i-100-icons-icon-84--aspect: 1;
  --i-100-icons-icon-85--aspect: 1;
  --i-100-icons-icon-86--aspect: 1;
  --i-100-icons-icon-87--aspect: 1;
  --i-100-icons-icon-88--aspect: 1;
  --i-100-icons-icon-89--aspect: 1;
  --i-100-icons-icon-90--aspect: 1;
  --i-100-icons-icon-91--aspect: 1;
  --i-100-icons-icon-92--aspect: 1;
  --i-100-icons-icon-93--aspect: 1;
  --i-100-icons-icon-94--aspect: 1;
  --i-100-icons-icon-95--aspect: 1;
  --i-100-icons-icon-96--aspect: 1;
  --i-100-icons-icon-97--aspect: 1;
  --i-100-icons-icon-98--aspect: 1;
  --i-100-icons-icon-99--aspect: 1;
}

@utility mi-* {
  & {
    mask-image: --value(--i-*);
    mask-repeat: no-repeat;
    mask-size: 100% 100%;
    background-color: currentColor;
    height: 1em;
    aspect-ratio: --value(--i-*--aspect);
  }
}

@utility bi-* {
  & {
    background-image: --value(--i-*);
    background-repeat: no-repeat;
    background-size: 100% 100%;
    height: 1em;
    aspect-ratio: --value(--i-*--aspect);
   }
}
",
  ],
]